================================================================================
Experiment Created
================================================================================
Save Directory:
experiments_cfimdb\lora_r8_a16_d0.2_lr0.0003_bs32_ep6_20260521_143005

Arguments:
seed: 11711
epochs: 6
fine_tune_mode: lora
use_gpu: True
batch_size: 32
hidden_dropout_prob: 0.1
lr: 0.0003
lora_r: 8
lora_alpha: 16
lora_dropout: 0.2
================================================================================
Config saved to:
experiments_cfimdb\lora_r8_a16_d0.2_lr0.0003_bs32_ep6_20260521_143005\config.json
Log file saved to:
experiments_cfimdb\lora_r8_a16_d0.2_lr0.0003_bs32_ep6_20260521_143005\train.log
================================================================================
Training Sentiment Classifier on cfimdb...
load 1707 data from data/ids-cfimdb-train.csv
load 245 data from data/ids-cfimdb-dev.csv

================================================================================
LoRA Model Info
================================================================================
trainable params: 296,450 || all params: 125,328,388 || trainable%: 0.2365
Trainable params : 296,450
Total params     : 125,328,388
Trainable ratio  : 0.2365%
Model info saved to:
experiments_cfimdb\lora_r8_a16_d0.2_lr0.0003_bs32_ep6_20260521_143005\model_info.txt
save the model to experiments_cfimdb\lora_r8_a16_d0.2_lr0.0003_bs32_ep6_20260521_143005\cfimdb-all-classifier.pt
Epoch 0: train loss :: 0.585, train acc :: 0.965, dev acc :: 0.955
save the model to experiments_cfimdb\lora_r8_a16_d0.2_lr0.0003_bs32_ep6_20260521_143005\cfimdb-all-classifier.pt
Epoch 1: train loss :: 0.142, train acc :: 0.975, dev acc :: 0.967
Epoch 2: train loss :: 0.100, train acc :: 0.977, dev acc :: 0.943
save the model to experiments_cfimdb\lora_r8_a16_d0.2_lr0.0003_bs32_ep6_20260521_143005\cfimdb-all-classifier.pt
Epoch 3: train loss :: 0.081, train acc :: 0.991, dev acc :: 0.971
save the model to experiments_cfimdb\lora_r8_a16_d0.2_lr0.0003_bs32_ep6_20260521_143005\cfimdb-all-classifier.pt
Epoch 4: train loss :: 0.059, train acc :: 0.992, dev acc :: 0.976
Epoch 5: train loss :: 0.056, train acc :: 0.996, dev acc :: 0.963
Evaluating on cfimdb...
load model from experiments_cfimdb\lora_r8_a16_d0.2_lr0.0003_bs32_ep6_20260521_143005\cfimdb-all-classifier.pt
load 245 data from data/ids-cfimdb-dev.csv
DONE DEV
DONE Test
dev acc :: 0.976
