================================================================================
Experiment Created
================================================================================
Save Directory:
experiments\lora_r32_a64_d0.1_lr3e-05_bs8_ep6_20260514_063256

Arguments:
seed: 11711
epochs: 6
fine_tune_mode: lora
use_gpu: True
batch_size: 8
hidden_dropout_prob: 0.3
lr: 3e-05
lora_r: 32
lora_alpha: 64
lora_dropout: 0.1
================================================================================
Config saved to:
experiments\lora_r32_a64_d0.1_lr3e-05_bs8_ep6_20260514_063256\config.json
Log file saved to:
experiments\lora_r32_a64_d0.1_lr3e-05_bs8_ep6_20260514_063256\train.log
================================================================================
Training Sentiment Classifier on SST...
load 8544 data from data/ids-sst-train.csv
load 1101 data from data/ids-sst-dev.csv

================================================================================
LoRA Model Info
================================================================================
trainable params: 5,312,261 || all params: 130,346,506 || trainable%: 4.0755
Trainable params : 5,312,261
Total params     : 130,346,506
Trainable ratio  : 4.0755%
Model info saved to:
experiments\lora_r32_a64_d0.1_lr3e-05_bs8_ep6_20260514_063256\model_info.txt
save the model to experiments\lora_r32_a64_d0.1_lr3e-05_bs8_ep6_20260514_063256\sst-all-classifier.pt
Epoch 0: train loss :: 1.791, train acc :: 0.350, dev acc :: 0.357
save the model to experiments\lora_r32_a64_d0.1_lr3e-05_bs8_ep6_20260514_063256\sst-all-classifier.pt
Epoch 1: train loss :: 1.396, train acc :: 0.459, dev acc :: 0.442
save the model to experiments\lora_r32_a64_d0.1_lr3e-05_bs8_ep6_20260514_063256\sst-all-classifier.pt
Epoch 2: train loss :: 1.205, train acc :: 0.526, dev acc :: 0.498
save the model to experiments\lora_r32_a64_d0.1_lr3e-05_bs8_ep6_20260514_063256\sst-all-classifier.pt
Epoch 3: train loss :: 1.145, train acc :: 0.551, dev acc :: 0.512
Epoch 4: train loss :: 1.108, train acc :: 0.557, dev acc :: 0.498
Epoch 5: train loss :: 1.073, train acc :: 0.574, dev acc :: 0.495
Evaluating on SST...
load model from experiments\lora_r32_a64_d0.1_lr3e-05_bs8_ep6_20260514_063256\sst-all-classifier.pt
load 1101 data from data/ids-sst-dev.csv
DONE DEV
DONE Test
dev acc :: 0.512
Training Sentiment Classifier on cfimdb...
load 1707 data from data/ids-cfimdb-train.csv
load 245 data from data/ids-cfimdb-dev.csv

================================================================================
LoRA Model Info
================================================================================
trainable params: 5,309,954 || all params: 130,341,892 || trainable%: 4.0739
Trainable params : 5,309,954
Total params     : 130,341,892
Trainable ratio  : 4.0739%
Model info saved to:
experiments\lora_r32_a64_d0.1_lr3e-05_bs8_ep6_20260514_063256\model_info.txt
save the model to experiments\lora_r32_a64_d0.1_lr3e-05_bs8_ep6_20260514_063256\cfimdb-all-classifier.pt
Epoch 0: train loss :: 1.277, train acc :: 0.531, dev acc :: 0.535
save the model to experiments\lora_r32_a64_d0.1_lr3e-05_bs8_ep6_20260514_063256\cfimdb-all-classifier.pt
Epoch 1: train loss :: 0.722, train acc :: 0.546, dev acc :: 0.547
save the model to experiments\lora_r32_a64_d0.1_lr3e-05_bs8_ep6_20260514_063256\cfimdb-all-classifier.pt
Epoch 2: train loss :: 0.638, train acc :: 0.574, dev acc :: 0.600
save the model to experiments\lora_r32_a64_d0.1_lr3e-05_bs8_ep6_20260514_063256\cfimdb-all-classifier.pt
Epoch 3: train loss :: 0.345, train acc :: 0.967, dev acc :: 0.947
save the model to experiments\lora_r32_a64_d0.1_lr3e-05_bs8_ep6_20260514_063256\cfimdb-all-classifier.pt
Epoch 4: train loss :: 0.149, train acc :: 0.968, dev acc :: 0.963
Epoch 5: train loss :: 0.111, train acc :: 0.981, dev acc :: 0.951
Evaluating on cfimdb...
load model from experiments\lora_r32_a64_d0.1_lr3e-05_bs8_ep6_20260514_063256\cfimdb-all-classifier.pt
load 245 data from data/ids-cfimdb-dev.csv
DONE DEV
DONE Test
dev acc :: 0.963
