================================================================================
Experiment Created
================================================================================
Save Directory:
experiments_cfimdb\lora_r32_a32_d0.2_lr0.0005_bs16_ep8_20260521_105527

Arguments:
seed: 11711
epochs: 8
fine_tune_mode: lora
use_gpu: True
batch_size: 16
hidden_dropout_prob: 0.1
lr: 0.0005
lora_r: 32
lora_alpha: 32
lora_dropout: 0.2
================================================================================
Config saved to:
experiments_cfimdb\lora_r32_a32_d0.2_lr0.0005_bs16_ep8_20260521_105527\config.json
Log file saved to:
experiments_cfimdb\lora_r32_a32_d0.2_lr0.0005_bs16_ep8_20260521_105527\train.log
================================================================================
Training Sentiment Classifier on cfimdb...
load 1707 data from data/ids-cfimdb-train.csv
load 245 data from data/ids-cfimdb-dev.csv

================================================================================
LoRA Model Info
================================================================================
trainable params: 1,181,186 || all params: 126,213,124 || trainable%: 0.9359
Trainable params : 1,181,186
Total params     : 126,213,124
Trainable ratio  : 0.9359%
Model info saved to:
experiments_cfimdb\lora_r32_a32_d0.2_lr0.0005_bs16_ep8_20260521_105527\model_info.txt
save the model to experiments_cfimdb\lora_r32_a32_d0.2_lr0.0005_bs16_ep8_20260521_105527\cfimdb-all-classifier.pt
Epoch 0: train loss :: 0.493, train acc :: 0.952, dev acc :: 0.943
save the model to experiments_cfimdb\lora_r32_a32_d0.2_lr0.0005_bs16_ep8_20260521_105527\cfimdb-all-classifier.pt
Epoch 1: train loss :: 0.138, train acc :: 0.985, dev acc :: 0.971
save the model to experiments_cfimdb\lora_r32_a32_d0.2_lr0.0005_bs16_ep8_20260521_105527\cfimdb-all-classifier.pt
Epoch 2: train loss :: 0.090, train acc :: 0.992, dev acc :: 0.980
Epoch 3: train loss :: 0.059, train acc :: 0.998, dev acc :: 0.971
save the model to experiments_cfimdb\lora_r32_a32_d0.2_lr0.0005_bs16_ep8_20260521_105527\cfimdb-all-classifier.pt
Epoch 4: train loss :: 0.043, train acc :: 0.998, dev acc :: 0.984
Epoch 5: train loss :: 0.035, train acc :: 0.998, dev acc :: 0.963
Epoch 6: train loss :: 0.033, train acc :: 0.998, dev acc :: 0.976
Epoch 7: train loss :: 0.037, train acc :: 0.974, dev acc :: 0.951
Evaluating on cfimdb...
load model from experiments_cfimdb\lora_r32_a32_d0.2_lr0.0005_bs16_ep8_20260521_105527\cfimdb-all-classifier.pt
load 245 data from data/ids-cfimdb-dev.csv
DONE DEV
DONE Test
dev acc :: 0.984
