================================================================================
Experiment Created
================================================================================
Save Directory:
experiments\lora_r8_a16_d0.4_lr5e-05_bs8_ep5_20260513_225012

Arguments:
seed: 11711
epochs: 5
fine_tune_mode: lora
use_gpu: True
batch_size: 8
hidden_dropout_prob: 0.5
lr: 5e-05
lora_r: 8
lora_alpha: 16
lora_dropout: 0.4
================================================================================
Config saved to:
experiments\lora_r8_a16_d0.4_lr5e-05_bs8_ep5_20260513_225012\config.json
Log file saved to:
experiments\lora_r8_a16_d0.4_lr5e-05_bs8_ep5_20260513_225012\train.log
================================================================================
Training Sentiment Classifier on SST...
load 8544 data from data/ids-sst-train.csv
load 1101 data from data/ids-sst-dev.csv

================================================================================
LoRA Model Info
================================================================================
trainable params: 1,330,949 || all params: 126,365,194 || trainable%: 1.0533
Trainable params : 1,330,949
Total params     : 126,365,194
Trainable ratio  : 1.0533%
Model info saved to:
experiments\lora_r8_a16_d0.4_lr5e-05_bs8_ep5_20260513_225012\model_info.txt
