================================================================================
Experiment Created
================================================================================
Save Directory:
experiments\lora_r8_a16_d0.15_lr2e-05_bs16_ep8_20260518_101431

Arguments:
seed: 11711
epochs: 8
fine_tune_mode: lora
use_gpu: True
batch_size: 16
hidden_dropout_prob: 0.3
lr: 2e-05
lora_r: 8
lora_alpha: 16
lora_dropout: 0.15
================================================================================
Config saved to:
experiments\lora_r8_a16_d0.15_lr2e-05_bs16_ep8_20260518_101431\config.json
Log file saved to:
experiments\lora_r8_a16_d0.15_lr2e-05_bs16_ep8_20260518_101431\train.log
================================================================================
Training Sentiment Classifier on SST...
load 8544 data from data/ids-sst-train.csv
load 1101 data from data/ids-sst-dev.csv

================================================================================
LoRA Model Info
================================================================================
trainable params: 1,330,949 || all params: 126,365,194 || trainable%: 1.0533
Trainable params : 1,330,949
Total params     : 126,365,194
Trainable ratio  : 1.0533%
Model info saved to:
experiments\lora_r8_a16_d0.15_lr2e-05_bs16_ep8_20260518_101431\model_info.txt
save the model to experiments\lora_r8_a16_d0.15_lr2e-05_bs16_ep8_20260518_101431\sst-all-classifier.pt
Epoch 0: train loss :: 2.397, train acc :: 0.268, dev acc :: 0.276
save the model to experiments\lora_r8_a16_d0.15_lr2e-05_bs16_ep8_20260518_101431\sst-all-classifier.pt
Epoch 1: train loss :: 1.606, train acc :: 0.296, dev acc :: 0.311
save the model to experiments\lora_r8_a16_d0.15_lr2e-05_bs16_ep8_20260518_101431\sst-all-classifier.pt
Epoch 2: train loss :: 1.583, train acc :: 0.322, dev acc :: 0.346
save the model to experiments\lora_r8_a16_d0.15_lr2e-05_bs16_ep8_20260518_101431\sst-all-classifier.pt
Epoch 3: train loss :: 1.556, train acc :: 0.341, dev acc :: 0.360
save the model to experiments\lora_r8_a16_d0.15_lr2e-05_bs16_ep8_20260518_101431\sst-all-classifier.pt
Epoch 4: train loss :: 1.521, train acc :: 0.370, dev acc :: 0.384
save the model to experiments\lora_r8_a16_d0.15_lr2e-05_bs16_ep8_20260518_101431\sst-all-classifier.pt
Epoch 5: train loss :: 1.455, train acc :: 0.404, dev acc :: 0.407
save the model to experiments\lora_r8_a16_d0.15_lr2e-05_bs16_ep8_20260518_101431\sst-all-classifier.pt
Epoch 6: train loss :: 1.364, train acc :: 0.448, dev acc :: 0.431
save the model to experiments\lora_r8_a16_d0.15_lr2e-05_bs16_ep8_20260518_101431\sst-all-classifier.pt
Epoch 7: train loss :: 1.318, train acc :: 0.473, dev acc :: 0.441
Evaluating on SST...
load model from experiments\lora_r8_a16_d0.15_lr2e-05_bs16_ep8_20260518_101431\sst-all-classifier.pt
load 1101 data from data/ids-sst-dev.csv
DONE DEV
DONE Test
dev acc :: 0.441
Training Sentiment Classifier on cfimdb...
load 1707 data from data/ids-cfimdb-train.csv
load 245 data from data/ids-cfimdb-dev.csv
