================================================================================
Experiment Created
================================================================================
Save Directory:
experiments\lora_r8_a16_d0.4_lr5e-05_bs8_ep5_20260513_232005

Arguments:
seed: 11711
epochs: 5
fine_tune_mode: lora
use_gpu: True
batch_size: 8
hidden_dropout_prob: 0.5
lr: 5e-05
lora_r: 8
lora_alpha: 16
lora_dropout: 0.4
================================================================================
Config saved to:
experiments\lora_r8_a16_d0.4_lr5e-05_bs8_ep5_20260513_232005\config.json
Log file saved to:
experiments\lora_r8_a16_d0.4_lr5e-05_bs8_ep5_20260513_232005\train.log
================================================================================
Training Sentiment Classifier on SST...
load 8544 data from data/ids-sst-train.csv
load 1101 data from data/ids-sst-dev.csv

================================================================================
LoRA Model Info
================================================================================
trainable params: 1,330,949 || all params: 126,365,194 || trainable%: 1.0533
Trainable params : 1,330,949
Total params     : 126,365,194
Trainable ratio  : 1.0533%
Model info saved to:
experiments\lora_r8_a16_d0.4_lr5e-05_bs8_ep5_20260513_232005\model_info.txt
save the model to experiments\lora_r8_a16_d0.4_lr5e-05_bs8_ep5_20260513_232005\sst-all-classifier.pt
Epoch 0: train loss :: 1.947, train acc :: 0.340, dev acc :: 0.335
save the model to experiments\lora_r8_a16_d0.4_lr5e-05_bs8_ep5_20260513_232005\sst-all-classifier.pt
Epoch 1: train loss :: 1.433, train acc :: 0.465, dev acc :: 0.450
save the model to experiments\lora_r8_a16_d0.4_lr5e-05_bs8_ep5_20260513_232005\sst-all-classifier.pt
Epoch 2: train loss :: 1.228, train acc :: 0.510, dev acc :: 0.484
save the model to experiments\lora_r8_a16_d0.4_lr5e-05_bs8_ep5_20260513_232005\sst-all-classifier.pt
Epoch 3: train loss :: 1.183, train acc :: 0.529, dev acc :: 0.501
save the model to experiments\lora_r8_a16_d0.4_lr5e-05_bs8_ep5_20260513_232005\sst-all-classifier.pt
Epoch 4: train loss :: 1.145, train acc :: 0.542, dev acc :: 0.510
Evaluating on SST...
load model from experiments\lora_r8_a16_d0.4_lr5e-05_bs8_ep5_20260513_232005\sst-all-classifier.pt
load 1101 data from data/ids-sst-dev.csv
DONE DEV
DONE Test
dev acc :: 0.510
Training Sentiment Classifier on cfimdb...
load 1707 data from data/ids-cfimdb-train.csv
load 245 data from data/ids-cfimdb-dev.csv

================================================================================
LoRA Model Info
================================================================================
trainable params: 1,328,642 || all params: 126,360,580 || trainable%: 1.0515
Trainable params : 1,328,642
Total params     : 126,360,580
Trainable ratio  : 1.0515%
Model info saved to:
experiments\lora_r8_a16_d0.4_lr5e-05_bs8_ep5_20260513_232005\model_info.txt
save the model to experiments\lora_r8_a16_d0.4_lr5e-05_bs8_ep5_20260513_232005\cfimdb-all-classifier.pt
Epoch 0: train loss :: 1.809, train acc :: 0.554, dev acc :: 0.547
save the model to experiments\lora_r8_a16_d0.4_lr5e-05_bs8_ep5_20260513_232005\cfimdb-all-classifier.pt
Epoch 1: train loss :: 0.738, train acc :: 0.673, dev acc :: 0.657
save the model to experiments\lora_r8_a16_d0.4_lr5e-05_bs8_ep5_20260513_232005\cfimdb-all-classifier.pt
Epoch 2: train loss :: 0.641, train acc :: 0.808, dev acc :: 0.812
save the model to experiments\lora_r8_a16_d0.4_lr5e-05_bs8_ep5_20260513_232005\cfimdb-all-classifier.pt
Epoch 3: train loss :: 0.345, train acc :: 0.947, dev acc :: 0.959
save the model to experiments\lora_r8_a16_d0.4_lr5e-05_bs8_ep5_20260513_232005\cfimdb-all-classifier.pt
Epoch 4: train loss :: 0.178, train acc :: 0.969, dev acc :: 0.967
Evaluating on cfimdb...
load model from experiments\lora_r8_a16_d0.4_lr5e-05_bs8_ep5_20260513_232005\cfimdb-all-classifier.pt
load 245 data from data/ids-cfimdb-dev.csv
DONE DEV
DONE Test
dev acc :: 0.967
