================================================================================
Experiment Created
================================================================================
Save Directory:
experiments\lora_r16_a32_d0.3_lr0.0001_bs8_ep10_20260513_125028

Arguments:
seed: 11711
epochs: 10
fine_tune_mode: lora
use_gpu: True
batch_size: 8
hidden_dropout_prob: 0.3
lr: 0.0001
lora_r: 16
lora_alpha: 32
lora_dropout: 0.3
================================================================================
Config saved to:
experiments\lora_r16_a32_d0.3_lr0.0001_bs8_ep10_20260513_125028\config.json
Log file saved to:
experiments\lora_r16_a32_d0.3_lr0.0001_bs8_ep10_20260513_125028\train.log
================================================================================
Training Sentiment Classifier on SST...
load 8544 data from data/ids-sst-train.csv
load 1101 data from data/ids-sst-dev.csv
