================================================================================
Experiment Created
================================================================================
Save Directory:
experiments\lora_r16_a32_d0.1_lr5e-05_bs16_ep8_20260518_103916

Arguments:
seed: 11711
epochs: 8
fine_tune_mode: lora
use_gpu: True
batch_size: 16
hidden_dropout_prob: 0.2
lr: 5e-05
lora_r: 16
lora_alpha: 32
lora_dropout: 0.1
================================================================================
Config saved to:
experiments\lora_r16_a32_d0.1_lr5e-05_bs16_ep8_20260518_103916\config.json
Log file saved to:
experiments\lora_r16_a32_d0.1_lr5e-05_bs16_ep8_20260518_103916\train.log
================================================================================
Training Sentiment Classifier on SST...
load 8544 data from data/ids-sst-train.csv
load 1101 data from data/ids-sst-dev.csv

================================================================================
LoRA Model Info
================================================================================
trainable params: 2,658,053 || all params: 127,692,298 || trainable%: 2.0816
Trainable params : 2,658,053
Total params     : 127,692,298
Trainable ratio  : 2.0816%
Model info saved to:
experiments\lora_r16_a32_d0.1_lr5e-05_bs16_ep8_20260518_103916\model_info.txt
save the model to experiments\lora_r16_a32_d0.1_lr5e-05_bs16_ep8_20260518_103916\sst-all-classifier.pt
Epoch 0: train loss :: 1.839, train acc :: 0.328, dev acc :: 0.356
save the model to experiments\lora_r16_a32_d0.1_lr5e-05_bs16_ep8_20260518_103916\sst-all-classifier.pt
Epoch 1: train loss :: 1.506, train acc :: 0.435, dev acc :: 0.417
save the model to experiments\lora_r16_a32_d0.1_lr5e-05_bs16_ep8_20260518_103916\sst-all-classifier.pt
Epoch 2: train loss :: 1.368, train acc :: 0.503, dev acc :: 0.457
save the model to experiments\lora_r16_a32_d0.1_lr5e-05_bs16_ep8_20260518_103916\sst-all-classifier.pt
Epoch 3: train loss :: 1.300, train acc :: 0.510, dev acc :: 0.473
save the model to experiments\lora_r16_a32_d0.1_lr5e-05_bs16_ep8_20260518_103916\sst-all-classifier.pt
Epoch 4: train loss :: 1.264, train acc :: 0.529, dev acc :: 0.482
save the model to experiments\lora_r16_a32_d0.1_lr5e-05_bs16_ep8_20260518_103916\sst-all-classifier.pt
Epoch 5: train loss :: 1.236, train acc :: 0.554, dev acc :: 0.501
save the model to experiments\lora_r16_a32_d0.1_lr5e-05_bs16_ep8_20260518_103916\sst-all-classifier.pt
Epoch 6: train loss :: 1.217, train acc :: 0.581, dev acc :: 0.513
Epoch 7: train loss :: 1.197, train acc :: 0.594, dev acc :: 0.509
Evaluating on SST...
load model from experiments\lora_r16_a32_d0.1_lr5e-05_bs16_ep8_20260518_103916\sst-all-classifier.pt
load 1101 data from data/ids-sst-dev.csv
DONE DEV
DONE Test
dev acc :: 0.513
Training Sentiment Classifier on cfimdb...
load 1707 data from data/ids-cfimdb-train.csv
load 245 data from data/ids-cfimdb-dev.csv

================================================================================
LoRA Model Info
================================================================================
trainable params: 2,655,746 || all params: 127,687,684 || trainable%: 2.0799
Trainable params : 2,655,746
Total params     : 127,687,684
Trainable ratio  : 2.0799%
Model info saved to:
experiments\lora_r16_a32_d0.1_lr5e-05_bs16_ep8_20260518_103916\model_info.txt
save the model to experiments\lora_r16_a32_d0.1_lr5e-05_bs16_ep8_20260518_103916\cfimdb-all-classifier.pt
Epoch 0: train loss :: 0.746, train acc :: 0.618, dev acc :: 0.624
save the model to experiments\lora_r16_a32_d0.1_lr5e-05_bs16_ep8_20260518_103916\cfimdb-all-classifier.pt
Epoch 1: train loss :: 0.352, train acc :: 0.958, dev acc :: 0.918
save the model to experiments\lora_r16_a32_d0.1_lr5e-05_bs16_ep8_20260518_103916\cfimdb-all-classifier.pt
Epoch 2: train loss :: 0.294, train acc :: 0.966, dev acc :: 0.951
Epoch 3: train loss :: 0.277, train acc :: 0.969, dev acc :: 0.939
Epoch 4: train loss :: 0.269, train acc :: 0.983, dev acc :: 0.947
Epoch 5: train loss :: 0.258, train acc :: 0.984, dev acc :: 0.947
Epoch 6: train loss :: 0.250, train acc :: 0.986, dev acc :: 0.939
Epoch 7: train loss :: 0.244, train acc :: 0.989, dev acc :: 0.939
Evaluating on cfimdb...
load model from experiments\lora_r16_a32_d0.1_lr5e-05_bs16_ep8_20260518_103916\cfimdb-all-classifier.pt
load 245 data from data/ids-cfimdb-dev.csv
DONE DEV
DONE Test
dev acc :: 0.951
