================================================================================
Experiment Created
================================================================================
Save Directory:
experiments\lora_r16_a32_d0.1_lr0.0001_bs8_ep8_20260514_013813

Arguments:
seed: 11711
epochs: 8
fine_tune_mode: lora
use_gpu: True
batch_size: 8
hidden_dropout_prob: 0.2
lr: 0.0001
lora_r: 16
lora_alpha: 32
lora_dropout: 0.1
================================================================================
Config saved to:
experiments\lora_r16_a32_d0.1_lr0.0001_bs8_ep8_20260514_013813\config.json
Log file saved to:
experiments\lora_r16_a32_d0.1_lr0.0001_bs8_ep8_20260514_013813\train.log
================================================================================
Training Sentiment Classifier on SST...
load 8544 data from data/ids-sst-train.csv
load 1101 data from data/ids-sst-dev.csv

================================================================================
LoRA Model Info
================================================================================
trainable params: 2,658,053 || all params: 127,692,298 || trainable%: 2.0816
Trainable params : 2,658,053
Total params     : 127,692,298
Trainable ratio  : 2.0816%
Model info saved to:
experiments\lora_r16_a32_d0.1_lr0.0001_bs8_ep8_20260514_013813\model_info.txt
save the model to experiments\lora_r16_a32_d0.1_lr0.0001_bs8_ep8_20260514_013813\sst-all-classifier.pt
Epoch 0: train loss :: 1.535, train acc :: 0.487, dev acc :: 0.462
save the model to experiments\lora_r16_a32_d0.1_lr0.0001_bs8_ep8_20260514_013813\sst-all-classifier.pt
Epoch 1: train loss :: 1.173, train acc :: 0.546, dev acc :: 0.494
save the model to experiments\lora_r16_a32_d0.1_lr0.0001_bs8_ep8_20260514_013813\sst-all-classifier.pt
Epoch 2: train loss :: 1.098, train acc :: 0.590, dev acc :: 0.527
save the model to experiments\lora_r16_a32_d0.1_lr0.0001_bs8_ep8_20260514_013813\sst-all-classifier.pt
Epoch 3: train loss :: 1.035, train acc :: 0.611, dev acc :: 0.532
Epoch 4: train loss :: 0.980, train acc :: 0.631, dev acc :: 0.528
Epoch 5: train loss :: 0.922, train acc :: 0.671, dev acc :: 0.506
Epoch 6: train loss :: 0.864, train acc :: 0.724, dev acc :: 0.511
Epoch 7: train loss :: 0.822, train acc :: 0.772, dev acc :: 0.507
Evaluating on SST...
load model from experiments\lora_r16_a32_d0.1_lr0.0001_bs8_ep8_20260514_013813\sst-all-classifier.pt
load 1101 data from data/ids-sst-dev.csv
DONE DEV
DONE Test
dev acc :: 0.532
Training Sentiment Classifier on cfimdb...
load 1707 data from data/ids-cfimdb-train.csv
load 245 data from data/ids-cfimdb-dev.csv

================================================================================
LoRA Model Info
================================================================================
trainable params: 2,655,746 || all params: 127,687,684 || trainable%: 2.0799
Trainable params : 2,655,746
Total params     : 127,687,684
Trainable ratio  : 2.0799%
Model info saved to:
experiments\lora_r16_a32_d0.1_lr0.0001_bs8_ep8_20260514_013813\model_info.txt
save the model to experiments\lora_r16_a32_d0.1_lr0.0001_bs8_ep8_20260514_013813\cfimdb-all-classifier.pt
Epoch 0: train loss :: 0.571, train acc :: 0.965, dev acc :: 0.967
Epoch 1: train loss :: 0.115, train acc :: 0.980, dev acc :: 0.959
save the model to experiments\lora_r16_a32_d0.1_lr0.0001_bs8_ep8_20260514_013813\cfimdb-all-classifier.pt
Epoch 2: train loss :: 0.092, train acc :: 0.982, dev acc :: 0.976
Epoch 3: train loss :: 0.063, train acc :: 0.994, dev acc :: 0.951
Epoch 4: train loss :: 0.055, train acc :: 0.993, dev acc :: 0.947
Epoch 5: train loss :: 0.044, train acc :: 0.996, dev acc :: 0.976
Epoch 6: train loss :: 0.037, train acc :: 0.998, dev acc :: 0.971
Epoch 7: train loss :: 0.030, train acc :: 0.992, dev acc :: 0.943
Evaluating on cfimdb...
load model from experiments\lora_r16_a32_d0.1_lr0.0001_bs8_ep8_20260514_013813\cfimdb-all-classifier.pt
load 245 data from data/ids-cfimdb-dev.csv
DONE DEV
DONE Test
dev acc :: 0.976
